                                                




                XXXXXXXXXXXXXXXXXXXXXXXXXXXXXXXXXXXXX
                X                                   X  CXXXXXXXXXW
                X                                   X  S         S
                X                                   X  S  TNDMB  S
                X                                   X  S         S
                X                                   X  S         S
                X   S      XXXXX   X     X  XXXXXX  X  OXXXXXXXXXV
                X   S      S   S   X     X  S       X
                X   S      S   S    X   X   SXXX    X
                X   S      S   S     X X    S       X
                X   XXXX   XXXXX      X     XXXXXX  X
                X                                   X
                X                                   X
                X                                   X
                X      X     X  XXXXXX  S    s      X
                X       X   X   S    S  S    s      X
                X        XXX    S    S  S    S      X
                X         S     S    S  S    S      X
                X         S     S    S  S    S      X
                X         S     XXXXXX  XXXXXX      X
                X                                   X
                X             XXX   XXX             X
                X            X   XXX   X            X
                X             X       X             X
                X              X     X              X
                X               X   X               X
                X                X X                X
                x                 X                 X
                XXXXXXXXXXXXXXXXXXXXXXXXXXXXXXXXXXXXX
