                                                




                                                   
                                                   
                                                   
                   b        o       r       a      
                                                   
                                                   
                                                   
                                                 
                                                   
                                                   
                                                   
                                                   
                                                   
                                                   
                                                   
                                                   
                                                   
                                                   
                                                   
                                                   
                                                   
                                                   
                                                   
                                                   
                                                   
                                                   
                   b        o       r       a      
                                                   
                                                   
                                                   
