                                                




              XXXXXXXXXXXXXXXXXXXXXXXXXXXXXXXXXXXXX
              X                                   X
              X                                   X
              X                                   X
              X                                   X
              X                                   X
              X                                   X
              X        P      pacman              X
              X               XXXXXX              X
              X                                   X
              X                                   X
              X                                   X
              X                                   X
              X                                   X
              X                                   X
              X                                   X
              X                                   X
              X                                   X
              X                                   X
              X                                   X
              X                                   X
              X                                   X
              X                                   X
              X                                   X
              X                                   X
              X                                   X
              X                                   X
              X                                   X
              X                                   X
              XXXXXXXXXXXXXXXXXXXXXXXXXXXXXXXXXXXXX
