                                                




                CXXXXXXXXXXXXXXXXXXXXXXXXXXXXXW
                S              S              S  CXXXXXXXXXW
                S XXXX XXXXXXX   XXXXXXX XXXX S  S         S
                S XXXX XXXXXXX S XXXXXXX XXXX S  S  TNDMB  S
                S              S              S  S         S
                S XXXX XXXXXXXXXXXXXXXXX XXXX S  S         S
                S              S              S  OXXXXXXXXXV
                S XXXX S XXXXX S XXXXX S XXXX S
                S XXXX S XXXXX   XXXXX S XXXX S
                S      S       S       S      S
                OXXXXW SXXXXXX S XXXXXXS CXXXXV
                     S S               S S     
                XXXXXV S CXXXX###XXXXW S OXXXXX
                         -           -         
                XXXXXW S -           - S CXXXXX
                     S S OXXXX###XXXXV S S     
                CXXXXV S               S OXXXXW
                S      S XXXXXXXXXXXXX S      S
                S XXXX         S         XXXX S
                S    S XXXXXXX S XXXXXXX S    S
                SXXX S                   S XXXS
                S      S XXXXXXXXXXXXX S      S
                S XXXX S XXXXXXXXXXXXX S XXXX S
                S      S       S       S      S
                S XXXXXXXXXXXX S XXXXXXXXXXXX S
                S                             S
                OXXXXXXXXXXXXXXXXXXXXXXXXXXXXXV
